{"employees": {"v1":"γιγνώσκειν","v2":"ὦ ἄνδρες ᾿Αθηναῖοι","v1":"ახლავე გაიაროთ რეგისტრაცია","v2":"Unicode-ის მეათე საერთაშორისო","width":55,"sinhala":"෴ණ්ණ෴","width":5,"sinhala":"෴","width":1,"sinhala":"෴ණ්ණ෴෴ණ්ණ෴","not-sinhala":"123456","tag":"ර්‍ඝ","width":3, "employee": [{"first-name":"Jim","nic-name":"\"რეგტ\"","last-name":"გთხოვთ ახ","department":431,"percent-time":90,"benefits":"full"}, {"first-name":"Terry","nic-name":"\"<one\"","last-name":"Οὐχὶ ταὐτὰ παρίσταταί μοι Jones","department":660,"percent-time":90,"benefits":"full"}, {"first-name":"Leslie","nic-name":"\"Les\"","last-name":"Patterson","department":341,"percent-time":60,"benefits":"full"}, {"first-name":"Ashley","nic-name":"\"Ash\"","last-name":"Meter & Smith","department":1440,"percent-time":40}, {"first-name":"0123456789","nic-name":"\"0123456789\"","last-name":"012345678901234567890","department":1440,"percent-time":40}, {"first-name":"ახლა","nic-name":"\"გაიარო\"","last-name":"საერთაშორისო","department":123,"percent-time":90,"benefits":"full"}, {"first-name":"෴ණ්ණ෴෴ණ්ණ෴","nic-name":"\"Mick\"","last-name":"෴ණ්ණ෴෴ණ්ණ෴෴ණ්ණ෴෴෴","department":110,"percent-time":20}]}
}
