<div class="line">
  <div class="text">Οὐχὶ ταὐτὰ παρίσταταί μοι </div>
  <div class="data" data-tag="v1" data-xpath="/employees/v1">γιγνώσκειν</div>
  <div class="text">, </div>
  <div class="data" data-tag="v2" data-xpath="/employees/v2">ὦ ἄνδρες ᾿Αθηναῖοι</div>
</div>
<div class="line">
  <div class="text">გთხოვთ </div>
  <div class="data" data-tag="v1" data-xpath="/employees/v1">ახლავე გაიაროთ რეგისტრაცია</div>
  <div class="text"> </div>
  <div class="data" data-tag="v2" data-xpath="/employees/v2">Unicode-ის მეათე საერთაშორისო</div>
</div>
<div class="line">
  <div class="title">Width</div>
  <div class="decoration">:</div>
  <div class="padding"> </div>
  <div class="data" data-tag="width" data-xpath="/employees/width">63</div>
</div>
<div class="line">
  <div class="text">[</div>
  <div class="data" data-tag="sinhala" data-xpath="/employees/sinhala">෴ණ්ණ෴</div>
  <div class="text">]</div>
</div>
<div class="line">
  <div class="title">Width</div>
  <div class="decoration">:</div>
  <div class="padding"> </div>
  <div class="data" data-tag="width" data-xpath="/employees/width">7</div>
</div>
<div class="line">
  <div class="text">[</div>
  <div class="data" data-tag="sinhala" data-xpath="/employees/sinhala">෴</div>
  <div class="text">]</div>
</div>
<div class="line">
  <div class="title">Width</div>
  <div class="decoration">:</div>
  <div class="padding"> </div>
  <div class="data" data-tag="width" data-xpath="/employees/width">3</div>
</div>
<div class="line">
  <div class="text">[</div>
  <div class="data" data-tag="sinhala" data-xpath="/employees/sinhala">෴ණ්ණ</div>
  <div class="text">]</div>
</div>
<div class="line">
  <div class="text">[</div>
  <div class="data" data-tag="not-sinhala" data-xpath="/employees/not-sinhala">1234</div>
  <div class="text">]</div>
</div>
<div class="line">
  <div class="text">[</div>
  <div class="data" data-tag="tag" data-xpath="/employees/tag">ර්‍ඝ</div>
  <div class="text">]</div>
</div>
<div class="line">
  <div class="title">Width</div>
  <div class="decoration">:</div>
  <div class="padding"> </div>
  <div class="data" data-tag="width" data-xpath="/employees/width">5</div>
</div>
<div class="line">
  <div class="title">First Name               </div>
  <div class="title">Last Name     </div>
  <div class="title">Department  </div>
  <div class="title">Time (%)</div>
</div>
<div class="line">
  <div class="data" data-tag="first-name" data-xpath="/employees/employee/first-name" data-type="string" data-help="First name of employee">Jim</div>
  <div class="text"> (</div>
  <div class="data" data-tag="nic-name" data-xpath="/employees/employee/nic-name">"რეგტ"</div>
  <div class="text">)</div>
  <div class="padding">             </div>
  <div class="data" data-tag="last-name" data-xpath="/employees/employee/last-name" data-type="string" data-help="Last name of employee">გთხოვთ ახ     </div>
  <div class="data" data-tag="department" data-xpath="/employees/employee/department">     431</div>
  <div class="data" data-tag="percent-time" data-xpath="/employees/employee/percent-time" data-type="number" data-help="Percentage of full &amp; part time (%)">      90</div>
</div>
<div class="line">
  <div class="data" data-tag="first-name" data-xpath="/employees/employee/first-name" data-type="string" data-help="First name of employee">Terry</div>
  <div class="text"> (</div>
  <div class="data" data-tag="nic-name" data-xpath="/employees/employee/nic-name">"&lt;one"</div>
  <div class="text">)</div>
  <div class="padding">           </div>
  <div class="data" data-tag="last-name" data-xpath="/employees/employee/last-name" data-type="string" data-help="Last name of employee">Οὐχὶ ταὐτὰ παρ</div>
  <div class="data" data-tag="department" data-xpath="/employees/employee/department">     660</div>
  <div class="data" data-tag="percent-time" data-xpath="/employees/employee/percent-time" data-type="number" data-help="Percentage of full &amp; part time (%)">      90</div>
</div>
<div class="line">
  <div class="data" data-tag="first-name" data-xpath="/employees/employee/first-name" data-type="string" data-help="First name of employee">Leslie</div>
  <div class="text"> (</div>
  <div class="data" data-tag="nic-name" data-xpath="/employees/employee/nic-name">"Les"</div>
  <div class="text">)</div>
  <div class="padding">           </div>
  <div class="data" data-tag="last-name" data-xpath="/employees/employee/last-name" data-type="string" data-help="Last name of employee">Patterson     </div>
  <div class="data" data-tag="department" data-xpath="/employees/employee/department">     341</div>
  <div class="data" data-tag="percent-time" data-xpath="/employees/employee/percent-time" data-type="number" data-help="Percentage of full &amp; part time (%)">      60</div>
</div>
<div class="line">
  <div class="data" data-tag="first-name" data-xpath="/employees/employee/first-name" data-type="string" data-help="First name of employee">Ashley</div>
  <div class="text"> (</div>
  <div class="data" data-tag="nic-name" data-xpath="/employees/employee/nic-name">"Ash"</div>
  <div class="text">)</div>
  <div class="padding">           </div>
  <div class="data" data-tag="last-name" data-xpath="/employees/employee/last-name" data-type="string" data-help="Last name of employee">Meter &amp; Smith </div>
  <div class="data" data-tag="department" data-xpath="/employees/employee/department">    1440</div>
  <div class="data" data-tag="percent-time" data-xpath="/employees/employee/percent-time" data-type="number" data-help="Percentage of full &amp; part time (%)">      40</div>
</div>
<div class="line">
  <div class="data" data-tag="first-name" data-xpath="/employees/employee/first-name" data-type="string" data-help="First name of employee">0123456789</div>
  <div class="text"> (</div>
  <div class="data" data-tag="nic-name" data-xpath="/employees/employee/nic-name">"0123456789"</div>
  <div class="text">)</div>
  <div class="data" data-tag="last-name" data-xpath="/employees/employee/last-name" data-type="string" data-help="Last name of employee">01234567890123</div>
  <div class="data" data-tag="department" data-xpath="/employees/employee/department">    1440</div>
  <div class="data" data-tag="percent-time" data-xpath="/employees/employee/percent-time" data-type="number" data-help="Percentage of full &amp; part time (%)">      40</div>
</div>
<div class="line">
  <div class="data" data-tag="first-name" data-xpath="/employees/employee/first-name" data-type="string" data-help="First name of employee">ახლა</div>
  <div class="text"> (</div>
  <div class="data" data-tag="nic-name" data-xpath="/employees/employee/nic-name">"გაიარო"</div>
  <div class="text">)</div>
  <div class="padding">          </div>
  <div class="data" data-tag="last-name" data-xpath="/employees/employee/last-name" data-type="string" data-help="Last name of employee">საერთაშორისო  </div>
  <div class="data" data-tag="department" data-xpath="/employees/employee/department">     123</div>
  <div class="data" data-tag="percent-time" data-xpath="/employees/employee/percent-time" data-type="number" data-help="Percentage of full &amp; part time (%)">      90</div>
</div>
<div class="line">
  <div class="data" data-tag="first-name" data-xpath="/employees/employee/first-name" data-type="string" data-help="First name of employee">෴ණ්ණ෴෴ණ්ණ෴</div>
  <div class="text"> (</div>
  <div class="data" data-tag="nic-name" data-xpath="/employees/employee/nic-name">"Mick"</div>
  <div class="text">)</div>
  <div class="padding">      </div>
  <div class="data" data-tag="last-name" data-xpath="/employees/employee/last-name" data-type="string" data-help="Last name of employee">෴ණ්ණ෴෴ණ්ණ෴෴ණ්ණ</div>
  <div class="data" data-tag="department" data-xpath="/employees/employee/department">     110</div>
  <div class="data" data-tag="percent-time" data-xpath="/employees/employee/percent-time" data-type="number" data-help="Percentage of full &amp; part time (%)">      20</div>
</div>
