Οὐχὶ ταὐτὰ παρίσταταί μοι γιγνώσκειν, ὦ ἄνδρες ᾿Αθηναῖοι
გთხოვთ ახლავე გაიაროთ რეგისტრაცია Unicode-ის მეათე საერთაშორისო
Width: 63
[෴ණ්ණ෴]
Width: 7
[෴]
Width: 3
[෴ණ්ණ]
[1234]
[ර්‍ඝ]
Width: 5
First Name               Last Name     Department  Time (%)
Jim ("რეგტ")             გთხოვთ ახ          431      90
Terry ("<one")           Οὐχὶ ταὐτὰ παρ     660      90
Leslie ("Les")           Patterson          341      60
Ashley ("Ash")           Meter & Smith     1440      40
0123456789 ("0123456789")01234567890123    1440      40
ახლა ("გაიარო")          საერთაშორისო       123      90
෴ණ්ණ෴෴ණ්ණ෴ ("Mick")      ෴ණ්ණ෴෴ණ්ණ෴෴ණ්ණ     110      20
