<div class="line">
  <div class="text">Οὐχὶ ταὐτὰ παρίσταταί μοι </div>
  <div class="data" data-tag="v1">γιγνώσκειν</div>
  <div class="text">, </div>
  <div class="data" data-tag="v2">ὦ ἄνδρες ᾿Αθηναῖοι</div>
</div>
<div class="line">
  <div class="text">გთხოვთ </div>
  <div class="data" data-tag="v1">ახლავე გაიაროთ რეგისტრაცია</div>
  <div class="text"> </div>
  <div class="data" data-tag="v2">Unicode-ის მეათე საერთაშორისო</div>
</div>
<div class="line">
  <div class="title">Width</div>
  <div class="decoration">:</div>
  <div class="padding"> </div>
  <div class="data" data-tag="width">63</div>
</div>
<div class="line">
  <div class="text">[</div>
  <div class="data" data-tag="sinhala">෴ණ්ණ෴</div>
  <div class="text">]</div>
</div>
<div class="line">
  <div class="title">Width</div>
  <div class="decoration">:</div>
  <div class="padding"> </div>
  <div class="data" data-tag="width">7</div>
</div>
<div class="line">
  <div class="text">[</div>
  <div class="data" data-tag="sinhala">෴</div>
  <div class="text">]</div>
</div>
<div class="line">
  <div class="title">Width</div>
  <div class="decoration">:</div>
  <div class="padding"> </div>
  <div class="data" data-tag="width">3</div>
</div>
<div class="line">
  <div class="text">[</div>
  <div class="data" data-tag="sinhala">෴ණ්ණ</div>
  <div class="text">]</div>
</div>
<div class="line">
  <div class="text">[</div>
  <div class="data" data-tag="not-sinhala">1234</div>
  <div class="text">]</div>
</div>
<div class="line">
  <div class="text">[</div>
  <div class="data" data-tag="tag">ර්‍ඝ</div>
  <div class="text">]</div>
</div>
<div class="line">
  <div class="title">Width</div>
  <div class="decoration">:</div>
  <div class="padding"> </div>
  <div class="data" data-tag="width">5</div>
</div>
<div class="line">
  <div class="title">First Name               </div>
  <div class="title">Last Name     </div>
  <div class="title">Department  </div>
  <div class="title">Time (%)</div>
</div>
<div class="line">
  <div class="data" data-tag="first-name">Jim</div>
  <div class="text"> (</div>
  <div class="data" data-tag="nic-name">"რეგტ"</div>
  <div class="text">)</div>
  <div class="padding">             </div>
  <div class="data" data-tag="last-name">გთხოვთ ახ     </div>
  <div class="data" data-tag="department">     431</div>
  <div class="data" data-tag="percent-time">      90</div>
</div>
<div class="line">
  <div class="data" data-tag="first-name">Terry</div>
  <div class="text"> (</div>
  <div class="data" data-tag="nic-name">"&lt;one"</div>
  <div class="text">)</div>
  <div class="padding">           </div>
  <div class="data" data-tag="last-name">Οὐχὶ ταὐτὰ παρ</div>
  <div class="data" data-tag="department">     660</div>
  <div class="data" data-tag="percent-time">      90</div>
</div>
<div class="line">
  <div class="data" data-tag="first-name">Leslie</div>
  <div class="text"> (</div>
  <div class="data" data-tag="nic-name">"Les"</div>
  <div class="text">)</div>
  <div class="padding">           </div>
  <div class="data" data-tag="last-name">Patterson     </div>
  <div class="data" data-tag="department">     341</div>
  <div class="data" data-tag="percent-time">      60</div>
</div>
<div class="line">
  <div class="data" data-tag="first-name">Ashley</div>
  <div class="text"> (</div>
  <div class="data" data-tag="nic-name">"Ash"</div>
  <div class="text">)</div>
  <div class="padding">           </div>
  <div class="data" data-tag="last-name">Meter &amp; Smith </div>
  <div class="data" data-tag="department">    1440</div>
  <div class="data" data-tag="percent-time">      40</div>
</div>
<div class="line">
  <div class="data" data-tag="first-name">0123456789</div>
  <div class="text"> (</div>
  <div class="data" data-tag="nic-name">"0123456789"</div>
  <div class="text">)</div>
  <div class="data" data-tag="last-name">01234567890123</div>
  <div class="data" data-tag="department">    1440</div>
  <div class="data" data-tag="percent-time">      40</div>
</div>
<div class="line">
  <div class="data" data-tag="first-name">ახლა</div>
  <div class="text"> (</div>
  <div class="data" data-tag="nic-name">"გაიარო"</div>
  <div class="text">)</div>
  <div class="padding">          </div>
  <div class="data" data-tag="last-name">საერთაშორისო  </div>
  <div class="data" data-tag="department">     123</div>
  <div class="data" data-tag="percent-time">      90</div>
</div>
<div class="line">
  <div class="data" data-tag="first-name">෴ණ්ණ෴෴ණ්ණ෴</div>
  <div class="text"> (</div>
  <div class="data" data-tag="nic-name">"Mick"</div>
  <div class="text">)</div>
  <div class="padding">      </div>
  <div class="data" data-tag="last-name">෴ණ්ණ෴෴ණ්ණ෴෴ණ්ණ</div>
  <div class="data" data-tag="department">     110</div>
  <div class="data" data-tag="percent-time">      20</div>
</div>
